Building DAG of jobs...
Using shell: /usr/bin/bash
Provided cores: 4
Rules claiming more threads will be scaled down.
Job stats:
job                count
---------------  -------
all                    1
merge_with_rsID        1
total                  2

Select jobs to execute...

[Mon Aug 12 20:27:58 2024]
rule merge_with_rsID:
    input: /n/scratch/users/v/vas485/mLOX/DATA/GCST90328148/GCST90328148.tsv, /n/scratch/users/v/vas485/mLOX/DATA/GCST90328148/GCST90328148.tsv.dbSnp.merged.bed
    output: GCST90328148_dbSnp_merged.tsv
    jobid: 1
    reason: Missing output files: GCST90328148_dbSnp_merged.tsv
    resources: tmpdir=/tmp

[Mon Aug 12 20:27:58 2024]
Error in rule merge_with_rsID:
    jobid: 1
    input: /n/scratch/users/v/vas485/mLOX/DATA/GCST90328148/GCST90328148.tsv, /n/scratch/users/v/vas485/mLOX/DATA/GCST90328148/GCST90328148.tsv.dbSnp.merged.bed
    output: GCST90328148_dbSnp_merged.tsv

RuleException:
WorkflowError in file /n/scratch/users/v/vas485/mLOX/DATA/SCRIPTS/Snakefile, line 74:
Failed to open source file /n/scratch/users/v/vas485/mLOX/DATA/SCRIPTS/python3 /n/scratch/users/v/vas485/mLOX/DATA/SCRIPTS/merge_with_rsID.py
FileNotFoundError: [Errno 2] No such file or directory: '/n/scratch/users/v/vas485/mLOX/DATA/SCRIPTS/python3 /n/scratch/users/v/vas485/mLOX/DATA/SCRIPTS/merge_with_rsID.py'
  File "/n/scratch/users/v/vas485/mLOX/DATA/SCRIPTS/Snakefile", line 74, in __rule_merge_with_rsID
  File "/n/app/snakemake/7.32.3/snakemake/lib/python3.12/concurrent/futures/thread.py", line 58, in run
Shutting down, this might take some time.
Exiting because a job execution failed. Look above for error message
Complete log: .snakemake/log/2024-08-12T202754.708587.snakemake.log
