Building DAG of jobs...
Using shell: /usr/bin/bash
Provided cores: 4
Rules claiming more threads will be scaled down.
Job stats:
job                   count
------------------  -------
all                       1
bedtools_intersect        1
merge_with_rsID           1
total                     3

Select jobs to execute...

[Mon Aug 12 23:02:32 2024]
rule bedtools_intersect:
    input: /n/scratch/users/v/vas485/mLOX/DATA/dbSnps/dbSnp153_sort_nochr.bed, /n/scratch/users/v/vas485/mLOX/DATA/GCST90328148/GCST90328148.bed.with.end.sort.bed
    output: /n/scratch/users/v/vas485/mLOX/DATA/GCST90328148/GCST90328148.bed.dbSnp.merged.bed
    jobid: 2
    reason: Missing output files: /n/scratch/users/v/vas485/mLOX/DATA/GCST90328148/GCST90328148.bed.dbSnp.merged.bed
    resources: tmpdir=/tmp


        bedtools intersect -b /n/scratch/users/v/vas485/mLOX/DATA/GCST90328148/GCST90328148.bed.with.end.sort.bed -a /n/scratch/users/v/vas485/mLOX/DATA/dbSnps/dbSnp153_sort_nochr.bed -sorted > /n/scratch/users/v/vas485/mLOX/DATA/GCST90328148/GCST90328148.bed.dbSnp.merged.bed
        
[Mon Aug 12 23:07:18 2024]
Finished job 2.
1 of 3 steps (33%) done
Select jobs to execute...

[Mon Aug 12 23:07:18 2024]
rule merge_with_rsID:
    input: /n/scratch/users/v/vas485/mLOX/DATA/GCST90328148/GCST90328148.bed, /n/scratch/users/v/vas485/mLOX/DATA/GCST90328148/GCST90328148.bed.dbSnp.merged.bed
    output: GCST90328148_dbSnp_merged.tsv
    jobid: 1
    reason: Missing output files: GCST90328148_dbSnp_merged.tsv; Input files updated by another job: /n/scratch/users/v/vas485/mLOX/DATA/GCST90328148/GCST90328148.bed.dbSnp.merged.bed; Set of input files has changed since last execution
    resources: tmpdir=/tmp

[Mon Aug 12 23:07:18 2024]
Error in rule merge_with_rsID:
    jobid: 1
    input: /n/scratch/users/v/vas485/mLOX/DATA/GCST90328148/GCST90328148.bed, /n/scratch/users/v/vas485/mLOX/DATA/GCST90328148/GCST90328148.bed.dbSnp.merged.bed
    output: GCST90328148_dbSnp_merged.tsv

RuleException:
WorkflowError in file /n/scratch/users/v/vas485/mLOX/DATA/SCRIPTS/Snakefile, line 75:
Failed to open source file /n/scratch/users/v/vas485/mLOX/DATA/SCRIPTS/merge_with_rsID.py
FileNotFoundError: [Errno 2] No such file or directory: '/n/scratch/users/v/vas485/mLOX/DATA/SCRIPTS/merge_with_rsID.py'
  File "/n/scratch/users/v/vas485/mLOX/DATA/SCRIPTS/Snakefile", line 75, in __rule_merge_with_rsID
  File "/n/app/snakemake/7.32.3/snakemake/lib/python3.12/concurrent/futures/thread.py", line 58, in run
Shutting down, this might take some time.
Exiting because a job execution failed. Look above for error message
Complete log: .snakemake/log/2024-08-12T230229.929001.snakemake.log
