Building DAG of jobs...
Using shell: /usr/bin/bash
Provided cores: 4
Rules claiming more threads will be scaled down.
Job stats:
job        count
-------  -------
all            1
cut_bed        1
total          2

Select jobs to execute...

[Mon Aug 12 21:34:05 2024]
rule cut_bed:
    input: /n/scratch/users/v/vas485/mLOX/DATA/GCST90328148/GCST90328148.tsv
    output: GCST90328148.cut.bed
    jobid: 1
    reason: Missing output files: GCST90328148.cut.bed
    resources: tmpdir=/tmp

[Mon Aug 12 21:34:33 2024]
Finished job 1.
1 of 2 steps (50%) done
Select jobs to execute...

[Mon Aug 12 21:34:33 2024]
localrule all:
    input: GCST90328148.cut.bed
    jobid: 0
    reason: Input files updated by another job: GCST90328148.cut.bed
    resources: tmpdir=/tmp

[Mon Aug 12 21:34:33 2024]
Finished job 0.
2 of 2 steps (100%) done
Complete log: .snakemake/log/2024-08-12T213355.691732.snakemake.log
