Building DAG of jobs...
Using shell: /usr/bin/bash
Provided cores: 4
Rules claiming more threads will be scaled down.
Job stats:
job                count
---------------  -------
all                    1
merge_with_rsID        1
total                  2

Select jobs to execute...

[Mon Aug 12 20:49:57 2024]
rule merge_with_rsID:
    input: /n/scratch/users/v/vas485/mLOX/DATA/GCST90328148/GCST90328148.tsv, /n/scratch/users/v/vas485/mLOX/DATA/GCST90328148/GCST90328148.tsv.dbSnp.merged.bed
    output: GCST90328148_dbSnp_merged.tsv
    jobid: 1
    reason: Missing output files: GCST90328148_dbSnp_merged.tsv
    resources: tmpdir=/tmp

/n/app/snakemake/7.32.3/snakemake/bin/python3.12 /n/scratch/users/v/vas485/mLOX/DATA/SCRIPTS/.snakemake/scripts/tmpnrn0tnpq.merge_with_rsID.py
[Mon Aug 12 20:56:46 2024]
Finished job 1.
1 of 2 steps (50%) done
Select jobs to execute...

[Mon Aug 12 20:56:46 2024]
localrule all:
    input: GCST90328148_dbSnp_merged.tsv
    jobid: 0
    reason: Input files updated by another job: GCST90328148_dbSnp_merged.tsv
    resources: tmpdir=/tmp

[Mon Aug 12 20:56:46 2024]
Finished job 0.
2 of 2 steps (100%) done
Complete log: .snakemake/log/2024-08-12T204948.534103.snakemake.log
