Building DAG of jobs...
Using shell: /usr/bin/bash
Provided cores: 4
Rules claiming more threads will be scaled down.
Job stats:
job               count
--------------  -------
add_end_column        1
all                   1
total                 2

Select jobs to execute...

[Mon Aug 12 21:31:34 2024]
rule add_end_column:
    input: /n/scratch/users/v/vas485/mLOX/DATA/GCST90328148/GCST90328148.tsv.cut.bed
    output: GCST90328148.with.end.bed
    jobid: 1
    reason: Set of input files has changed since last execution
    resources: tmpdir=/tmp


        awk 'BEGIN{OFS="	"} {print $1, $2, $2+1, $0}' /n/scratch/users/v/vas485/mLOX/DATA/GCST90328148/GCST90328148.tsv.cut.bed > GCST90328148.with.end.bed
        
[Mon Aug 12 21:32:04 2024]
Finished job 1.
1 of 2 steps (50%) done
Select jobs to execute...

[Mon Aug 12 21:32:04 2024]
localrule all:
    input: GCST90328148.with.end.bed
    jobid: 0
    reason: Input files updated by another job: GCST90328148.with.end.bed
    resources: tmpdir=/tmp

[Mon Aug 12 21:32:04 2024]
Finished job 0.
2 of 2 steps (100%) done
Complete log: .snakemake/log/2024-08-12T213131.490941.snakemake.log
