Building DAG of jobs...
Using shell: /usr/bin/bash
Provided cores: 4
Rules claiming more threads will be scaled down.
Job stats:
job                   count
------------------  -------
add_end_column            1
all                       1
bedtools_intersect        1
cut_bed                   1
merge_with_rsID           1
sort_bed                  1
total                     6

Select jobs to execute...

[Tue Aug 13 10:57:03 2024]
rule cut_bed:
    input: /n/scratch/users/v/vas485/mLOX/DATA/GCST90328150/GCST90328150.bed
    output: /n/scratch/users/v/vas485/mLOX/DATA/GCST90328150/GCST90328150.bed.cut.bed
    jobid: 5
    reason: Missing output files: /n/scratch/users/v/vas485/mLOX/DATA/GCST90328150/GCST90328150.bed.cut.bed
    resources: tmpdir=/tmp


        cut -f1,2,3,4 /n/scratch/users/v/vas485/mLOX/DATA/GCST90328150/GCST90328150.bed > /n/scratch/users/v/vas485/mLOX/DATA/GCST90328150/GCST90328150.bed.cut.bed
        
[Tue Aug 13 10:57:13 2024]
Finished job 5.
1 of 6 steps (17%) done
Select jobs to execute...

[Tue Aug 13 10:57:13 2024]
rule add_end_column:
    input: /n/scratch/users/v/vas485/mLOX/DATA/GCST90328150/GCST90328150.bed.cut.bed
    output: /n/scratch/users/v/vas485/mLOX/DATA/GCST90328150/GCST90328150.bed.with.end.bed
    jobid: 4
    reason: Missing output files: /n/scratch/users/v/vas485/mLOX/DATA/GCST90328150/GCST90328150.bed.with.end.bed; Input files updated by another job: /n/scratch/users/v/vas485/mLOX/DATA/GCST90328150/GCST90328150.bed.cut.bed
    resources: tmpdir=/tmp


        awk 'BEGIN{OFS="	"} {print $1, $2, $2+1}' /n/scratch/users/v/vas485/mLOX/DATA/GCST90328150/GCST90328150.bed.cut.bed > /n/scratch/users/v/vas485/mLOX/DATA/GCST90328150/GCST90328150.bed.with.end.bed
        
[Tue Aug 13 10:57:46 2024]
Finished job 4.
2 of 6 steps (33%) done
Select jobs to execute...

[Tue Aug 13 10:57:46 2024]
rule sort_bed:
    input: /n/scratch/users/v/vas485/mLOX/DATA/GCST90328150/GCST90328150.bed.with.end.bed
    output: /n/scratch/users/v/vas485/mLOX/DATA/GCST90328150/GCST90328150.bed.with.end.sort.bed
    jobid: 3
    reason: Missing output files: /n/scratch/users/v/vas485/mLOX/DATA/GCST90328150/GCST90328150.bed.with.end.sort.bed; Input files updated by another job: /n/scratch/users/v/vas485/mLOX/DATA/GCST90328150/GCST90328150.bed.with.end.bed
    resources: tmpdir=/tmp


        sort -k1,1 -k2,2n -k3,3n /n/scratch/users/v/vas485/mLOX/DATA/GCST90328150/GCST90328150.bed.with.end.bed > /n/scratch/users/v/vas485/mLOX/DATA/GCST90328150/GCST90328150.bed.with.end.sort.bed
        
[Tue Aug 13 11:05:12 2024]
Error in rule sort_bed:
    jobid: 3
    input: /n/scratch/users/v/vas485/mLOX/DATA/GCST90328150/GCST90328150.bed.with.end.bed
    output: /n/scratch/users/v/vas485/mLOX/DATA/GCST90328150/GCST90328150.bed.with.end.sort.bed
    shell:
        
        sort -k1,1 -k2,2n -k3,3n /n/scratch/users/v/vas485/mLOX/DATA/GCST90328150/GCST90328150.bed.with.end.bed > /n/scratch/users/v/vas485/mLOX/DATA/GCST90328150/GCST90328150.bed.with.end.sort.bed
        
        (one of the commands exited with non-zero exit code; note that snakemake uses bash strict mode!)

Removing output files of failed job sort_bed since they might be corrupted:
/n/scratch/users/v/vas485/mLOX/DATA/GCST90328150/GCST90328150.bed.with.end.sort.bed
Shutting down, this might take some time.
Exiting because a job execution failed. Look above for error message
Complete log: .snakemake/log/2024-08-13T105659.441675.snakemake.log
