Building DAG of jobs...
Using shell: /usr/bin/bash
Provided cores: 4
Rules claiming more threads will be scaled down.
Job stats:
job               count
--------------  -------
add_end_column        1
all                   1
sort_bed              1
total                 3

Select jobs to execute...

[Mon Aug 12 21:54:26 2024]
rule add_end_column:
    input: /n/scratch/users/v/vas485/mLOX/DATA/GCST90328148/GCST90328148.bed.cut.bed
    output: /n/scratch/users/v/vas485/mLOX/DATA/GCST90328148/GCST90328148.bed.with.end.bed
    jobid: 2
    reason: Missing output files: /n/scratch/users/v/vas485/mLOX/DATA/GCST90328148/GCST90328148.bed.with.end.bed
    resources: tmpdir=/tmp

[Mon Aug 12 21:55:19 2024]
Finished job 2.
1 of 3 steps (33%) done
Select jobs to execute...

[Mon Aug 12 21:55:19 2024]
rule sort_bed:
    input: /n/scratch/users/v/vas485/mLOX/DATA/GCST90328148/GCST90328148.bed.with.end.bed
    output: GCST90328148.with.end.sort.bed
    jobid: 1
    reason: Missing output files: GCST90328148.with.end.sort.bed; Input files updated by another job: /n/scratch/users/v/vas485/mLOX/DATA/GCST90328148/GCST90328148.bed.with.end.bed; Set of input files has changed since last execution
    resources: tmpdir=/tmp

[Mon Aug 12 22:00:57 2024]
Error in rule sort_bed:
    jobid: 1
    input: /n/scratch/users/v/vas485/mLOX/DATA/GCST90328148/GCST90328148.bed.with.end.bed
    output: GCST90328148.with.end.sort.bed
    shell:
        
        sort -k1,1 -k2,2n -k3,3n /n/scratch/users/v/vas485/mLOX/DATA/GCST90328148/GCST90328148.bed.with.end.bed > GCST90328148.with.end.sort.bed
        
        (one of the commands exited with non-zero exit code; note that snakemake uses bash strict mode!)

Removing output files of failed job sort_bed since they might be corrupted:
GCST90328148.with.end.sort.bed
Shutting down, this might take some time.
Exiting because a job execution failed. Look above for error message
Complete log: .snakemake/log/2024-08-12T215420.607439.snakemake.log
