Building DAG of jobs...
Using shell: /usr/bin/bash
Provided cores: 4
Rules claiming more threads will be scaled down.
Job stats:
job                   count
------------------  -------
all                       1
bedtools_intersect        1
sort_bed                  1
total                     3

Select jobs to execute...

[Mon Aug 12 22:27:33 2024]
rule sort_bed:
    input: /n/scratch/users/v/vas485/mLOX/DATA/GCST90328148/GCST90328148.bed.with.end.bed
    output: /n/scratch/users/v/vas485/mLOX/DATA/GCST90328148/GCST90328148.bed.with.end.sort.bed
    jobid: 2
    reason: Missing output files: /n/scratch/users/v/vas485/mLOX/DATA/GCST90328148/GCST90328148.bed.with.end.sort.bed
    resources: tmpdir=/tmp


        sort -k1,1 -k2,2n -k3,3n /n/scratch/users/v/vas485/mLOX/DATA/GCST90328148/GCST90328148.bed.with.end.bed > /n/scratch/users/v/vas485/mLOX/DATA/GCST90328148/GCST90328148.bed.with.end.sort.bed
        
[Mon Aug 12 22:34:44 2024]
Finished job 2.
1 of 3 steps (33%) done
Select jobs to execute...

[Mon Aug 12 22:34:44 2024]
rule bedtools_intersect:
    input: /n/scratch/users/v/vas485/mLOX/DATA/dbSnps/dbSnp153_sort_nochr.bed, /n/scratch/users/v/vas485/mLOX/DATA/GCST90328148/GCST90328148.bed.with.end.sort.bed
    output: GCST90328148.dbSnp.merged.bed
    jobid: 1
    reason: Missing output files: GCST90328148.dbSnp.merged.bed; Input files updated by another job: /n/scratch/users/v/vas485/mLOX/DATA/GCST90328148/GCST90328148.bed.with.end.sort.bed
    resources: tmpdir=/tmp


        bedtools intersect -b /n/scratch/users/v/vas485/mLOX/DATA/GCST90328148/GCST90328148.bed.with.end.sort.bed -a /n/scratch/users/v/vas485/mLOX/DATA/dbSnps/dbSnp153_sort_nochr.bed -sorted > GCST90328148.dbSnp.merged.bed
        
[Mon Aug 12 22:40:20 2024]
Finished job 1.
2 of 3 steps (67%) done
Select jobs to execute...

[Mon Aug 12 22:40:20 2024]
localrule all:
    input: GCST90328148.dbSnp.merged.bed
    jobid: 0
    reason: Input files updated by another job: GCST90328148.dbSnp.merged.bed
    resources: tmpdir=/tmp

[Mon Aug 12 22:40:20 2024]
Finished job 0.
3 of 3 steps (100%) done
Complete log: .snakemake/log/2024-08-12T222729.579935.snakemake.log
